Report time       : Thu Dec 19 03:51:29 SEAST 2024.
Solution          : solution5.
Simulation tool   : xsim.

+----------+----------+-----------------------------------------------+-----------------------------------------------+
|          |          |                    Latency                    |                    Interval                   |
+   RTL    +  Status  +-----------------------------------------------+-----------------------------------------------+
|          |          |      min      |      avg      |      max      |      min      |      avg      |      max      |
+----------+----------+-----------------------------------------------+-----------------------------------------------+
|      VHDL|        NA|             NA|             NA|             NA|             NA|             NA|             NA|
|   Verilog|      Pass|         786953|         786953|         786953|             NA|             NA|             NA|
+----------+----------+-----------------------------------------------+-----------------------------------------------+
